// Jest Snapshot v1, https://goo.gl/fbAQLP

exports[`should render Header correctly 1`] = `
<header>
  <h1>
     Duzenleme
  </h1>
  <[object Object]
    activeClassName="is-active"
    exact={true}
    to="/"
  >
     Ana Sayfa 
  </[object Object]>
  <[object Object]
    activeClassName="is-active"
    to="/create"
  >
     Odeme Ekle 
  </[object Object]>
  <button
    onClick={[Function]}
  >
     Logout 
  </button>
</header>
`;
